Component: ARM Compiler 5.06 update 1 (build 61) Tool: armlink [4d35a8]

==============================================================================

Section Cross References

    dfu_ble_svc.o(.emb_text) refers to dfu_ble_svc.o(.text) for C_SVC_Handler
    dfu_ble_svc.o(.text) refers to memcpya.o(.text) for __aeabi_memcpy
    dfu_ble_svc.o(.text) refers to crc16.o(.text) for crc16_compute
    dfu_ble_svc.o(.text) refers to dfu_ble_svc.o(NoInit) for NoInit
    main.o(.text) refers to app_error.o(.text) for app_error_handler
    main.o(.text) refers to pstorage_raw.o(.text) for pstorage_sys_event_handler
    main.o(.text) refers to app_error.o(.text) for app_error_handler_bare
    main.o(.text) refers to softdevice_handler.o(.text) for softdevice_handler_init
    main.o(.text) refers to app_timer.o(.text) for app_timer_init
    main.o(.text) refers to bootloader.o(.text) for bootloader_init
    main.o(.text) refers to app_scheduler.o(.text) for app_sched_init
    main.o(.text) refers to main.o(.constdata) for .constdata
    main.o(.text) refers to softdevice_handler_appsh.o(.text) for softdevice_evt_schedule
    main.o(.text) refers to main.o(.bss) for .bss
    main.o(.text) refers to app_timer_appsh.o(.text) for app_timer_evt_schedule
    system_nrf51.o(.text) refers to system_nrf51.o(.data) for .data
    arm_startup_nrf51.o(RESET) refers to arm_startup_nrf51.o(STACK) for __initial_sp
    arm_startup_nrf51.o(RESET) refers to arm_startup_nrf51.o(.text) for Reset_Handler
    arm_startup_nrf51.o(RESET) refers to dfu_ble_svc.o(.emb_text) for SVC_Handler
    arm_startup_nrf51.o(RESET) refers to app_timer.o(.text) for RTC1_IRQHandler
    arm_startup_nrf51.o(RESET) refers to softdevice_handler.o(.text) for SWI2_IRQHandler
    arm_startup_nrf51.o(.text) refers to system_nrf51.o(.text) for SystemInit
    arm_startup_nrf51.o(.text) refers to entry.o(.ARM.Collect$$$$00000000) for __main
    ble_advdata.o(.text) refers to memcpya.o(.text) for __aeabi_memcpy
    ble_conn_params.o(.text) refers to memcpya.o(.text) for __aeabi_memcpy4
    ble_conn_params.o(.text) refers to app_timer.o(.text) for app_timer_create
    ble_conn_params.o(.text) refers to ble_conn_params.o(.data) for .data
    ble_conn_params.o(.text) refers to ble_conn_params.o(.bss) for .bss
    ble_conn_params.o(.text) refers to ble_conn_params.o(.constdata) for .constdata
    ble_conn_params.o(.text) refers to memcpya.o(.text) for __aeabi_memcpy
    ble_conn_params.o(.text) refers to ble_conn_params.o(.text) for is_conn_params_ok
    ble_conn_params.o(.text) refers to ble_conn_params.o(.data) for .data
    ble_conn_params.o(.text) refers to ble_conn_params.o(.bss) for .bss
    ble_conn_params.o(.constdata) refers to ble_conn_params.o(.bss) for m_conn_params_timer_id_data
    ble_dfu.o(.text) refers to ble_dfu.o(i.__ARM_common_switch8) for __ARM_common_switch8
    ble_dfu.o(.text) refers to memseta.o(.text) for __aeabi_memclr4
    ble_dfu.o(.text) refers to ble_dfu.o(.data) for .data
    ble_dfu.o(.text) refers to ble_dfu.o(.constdata) for .constdata
    ble_srv_common.o(.text) refers to strlen.o(.text) for strlen
    ble_srv_common.o(.text) refers to ble_dfu.o(i.__ARM_common_switch8) for __ARM_common_switch8
    ble_srv_common.o(.text) refers to ble_srv_common.o(.text) for set_security_req
    ble_srv_common.o(.text) refers to memseta.o(.text) for __aeabi_memclr4
    ble_srv_common.o(.text) refers to memseta.o(.text) for __aeabi_memclr4
    ble_srv_common.o(.text) refers to ble_srv_common.o(.text) for set_security_req
    nrf_delay.o(.text) refers to nrf_delay.o(.emb_text) for __asm___11_nrf_delay_c_532987f3__nrf_delay_us
    pstorage_raw.o(.text) refers to uidiv.o(.text) for __aeabi_uidivmod
    pstorage_raw.o(.text) refers to pstorage_raw.o(.bss) for .bss
    pstorage_raw.o(.text) refers to pstorage_raw.o(.data) for .data
    app_error.o(.text) refers to app_error.o(.bss) for .bss
    app_scheduler.o(.text) refers to app_error.o(.text) for app_error_handler_bare
    app_scheduler.o(.text) refers to memcpya.o(.text) for __aeabi_memcpy
    app_scheduler.o(.text) refers to app_scheduler.o(.data) for .data
    app_timer.o(.text) refers to app_timer.o(.emb_text) for __asm___11_app_timer_c_cd27f9c3__nrf_delay_us
    app_timer.o(.text) refers to app_timer.o(.data) for .data
    app_timer.o(.text) refers to app_error.o(.text) for app_error_handler_bare
    app_timer.o(.text) refers to app_timer.o(.text) for user_id_get
    app_timer.o(.text) refers to app_timer.o(.data) for .data
    app_timer_appsh.o(.text) refers to app_error.o(.text) for app_error_handler_bare
    app_timer_appsh.o(.text) refers to app_scheduler.o(.text) for app_sched_event_put
    bootloader.o(.text) refers to app_error.o(.text) for app_error_handler_bare
    bootloader.o(.text) refers to uidiv.o(.text) for __aeabi_uidivmod
    bootloader.o(.text) refers to app_scheduler.o(.text) for app_sched_execute
    bootloader.o(.text) refers to bootloader_settings.o(.text) for bootloader_util_settings_get
    bootloader.o(.text) refers to crc16.o(.text) for crc16_compute
    bootloader.o(.text) refers to pstorage_raw.o(.text) for pstorage_clear
    bootloader.o(.text) refers to dfu_transport_ble.o(.text) for dfu_transport_close
    bootloader.o(.text) refers to dfu_dual_bank.o(.text) for dfu_init
    bootloader.o(.text) refers to bootloader_util.o(.text) for bootloader_util_app_start
    bootloader.o(.text) refers to nrf_delay.o(.text) for nrf_delay_ms
    bootloader.o(.text) refers to memcpya.o(.text) for __aeabi_memcpy4
    bootloader.o(.text) refers to bootloader.o(.data) for .data
    bootloader.o(.text) refers to bootloader.o(.bss) for .bss
    bootloader.o(.text) refers to bootloader.o(.constdata) for .constdata
    bootloader.o(.constdata) refers to bootloader.o(.text) for pstorage_callback_handler
    bootloader_settings.o(.text) refers to bootloader_settings.o(.ARM.__AT_0x0003FC00) for .ARM.__AT_0x0003FC00
    bootloader_util.o(.text) refers to bootloader_util.o(.emb_text) for __asm___17_bootloader_util_c_c13d365c__bootloader_util_reset
    dfu_dual_bank.o(.text) refers to app_error.o(.text) for app_error_handler_bare
    dfu_dual_bank.o(.text) refers to bootloader.o(.text) for bootloader_dfu_update_process
    dfu_dual_bank.o(.text) refers to app_timer.o(.text) for app_timer_stop
    dfu_dual_bank.o(.text) refers to pstorage_raw.o(.text) for pstorage_clear
    dfu_dual_bank.o(.text) refers to memcpya.o(.text) for __aeabi_memcpy4
    dfu_dual_bank.o(.text) refers to memseta.o(.text) for __aeabi_memclr4
    dfu_dual_bank.o(.text) refers to dfu_init_template.o(.text) for dfu_init_prevalidate
    dfu_dual_bank.o(.text) refers to dfu_dual_bank.o(.data) for .data
    dfu_dual_bank.o(.text) refers to dfu_dual_bank.o(.bss) for .bss
    dfu_dual_bank.o(.text) refers to dfu_dual_bank.o(.constdata) for .constdata
    dfu_dual_bank.o(.text) refers to dfu_dual_bank.o(.bss) for .bss
    dfu_dual_bank.o(.constdata) refers to dfu_dual_bank.o(.bss) for m_dfu_timer_id_data
    dfu_dual_bank.o(.constdata) refers to dfu_dual_bank.o(.text) for pstorage_callback_handler
    dfu_init_template.o(.text) refers to memcpya.o(.text) for __aeabi_memcpy
    dfu_init_template.o(.text) refers to crc16.o(.text) for crc16_compute
    dfu_init_template.o(.text) refers to dfu_init_template.o(.data) for .data
    dfu_init_template.o(.text) refers to dfu_init_template.o(.bss) for .bss
    dfu_transport_ble.o(.text) refers to hci_mem_pool.o(.text) for hci_mem_pool_rx_consume
    dfu_transport_ble.o(.text) refers to app_error.o(.text) for app_error_handler_bare
    dfu_transport_ble.o(.text) refers to ble_dfu.o(.text) for ble_dfu_response_send
    dfu_transport_ble.o(.text) refers to memcpya.o(.text) for __aeabi_memcpy
    dfu_transport_ble.o(.text) refers to dfu_dual_bank.o(.text) for dfu_data_pkt_handle
    dfu_transport_ble.o(.text) refers to ble_conn_params.o(.text) for ble_conn_params_stop
    dfu_transport_ble.o(.text) refers to ble_dfu.o(i.__ARM_common_switch8) for __ARM_common_switch8
    dfu_transport_ble.o(.text) refers to memseta.o(.text) for __aeabi_memclr4
    dfu_transport_ble.o(.text) refers to ble_advdata.o(.text) for ble_advdata_set
    dfu_transport_ble.o(.text) refers to memcmp.o(.text) for memcmp
    dfu_transport_ble.o(.text) refers to dfu_transport_ble.o(.data) for .data
    dfu_transport_ble.o(.text) refers to dfu_transport_ble.o(.bss) for .bss
    dfu_transport_ble.o(.text) refers to bootloader.o(.text) for bootloader_dfu_update_process
    dfu_transport_ble.o(.text) refers to softdevice_handler.o(.text) for softdevice_ble_evt_handler_set
    dfu_transport_ble.o(.text) refers to dfu_ble_svc.o(.text) for dfu_ble_peer_data_get
    dfu_transport_ble.o(.text) refers to uread4.o(.text) for __aeabi_uread4
    dfu_transport_ble.o(.text) refers to dfu_transport_ble.o(.constdata) for .constdata
    dfu_transport_ble.o(.text) refers to dfu_transport_ble.o(.data) for .data
    hci_mem_pool.o(.text) refers to hci_mem_pool.o(.data) for .data
    hci_mem_pool.o(.text) refers to hci_mem_pool.o(.bss) for .bss
    hci_mem_pool.o(.text) refers to hci_mem_pool.o(.data) for .data
    hci_mem_pool.o(.text) refers to hci_mem_pool.o(.bss) for .bss
    hci_mem_pool.o(.text) refers to hci_mem_pool.o(.data) for .data
    softdevice_handler.o(.text) refers to app_error.o(.text) for app_error_fault_handler
    softdevice_handler.o(.text) refers to memseta.o(.text) for __aeabi_memclr4
    softdevice_handler.o(.text) refers to softdevice_handler.o(.data) for .data
    softdevice_handler.o(.text) refers to softdevice_handler.o(.data) for .data
    softdevice_handler.o(.text) refers to softdevice_handler.o(.data) for .data
    softdevice_handler_appsh.o(.text) refers to app_error.o(.text) for app_error_handler_bare
    softdevice_handler_appsh.o(.text) refers to softdevice_handler.o(.text) for intern_softdevice_events_execute
    softdevice_handler_appsh.o(.text) refers to app_scheduler.o(.text) for app_sched_event_put
    entry.o(.ARM.Collect$$$$00000000) refers (Special) to entry10a.o(.ARM.Collect$$$$0000000D) for __rt_final_cpp
    entry.o(.ARM.Collect$$$$00000000) refers (Special) to entry11a.o(.ARM.Collect$$$$0000000F) for __rt_final_exit
    entry.o(.ARM.Collect$$$$00000000) refers (Special) to entry7b.o(.ARM.Collect$$$$00000008) for _main_clock
    entry.o(.ARM.Collect$$$$00000000) refers (Special) to entry8b.o(.ARM.Collect$$$$0000000A) for _main_cpp_init
    entry.o(.ARM.Collect$$$$00000000) refers (Special) to entry9a.o(.ARM.Collect$$$$0000000B) for _main_init
    entry.o(.ARM.Collect$$$$00000000) refers (Special) to entry5.o(.ARM.Collect$$$$00000004) for _main_scatterload
    entry.o(.ARM.Collect$$$$00000000) refers (Special) to entry2.o(.ARM.Collect$$$$00000001) for _main_stk
    entry2.o(.ARM.Collect$$$$00000001) refers to entry2.o(.ARM.Collect$$$$00002712) for __lit__00000000
    entry2.o(.ARM.Collect$$$$00002712) refers to arm_startup_nrf51.o(STACK) for __initial_sp
    entry2.o(__vectab_stack_and_reset_area) refers to arm_startup_nrf51.o(STACK) for __initial_sp
    entry2.o(__vectab_stack_and_reset_area) refers to entry.o(.ARM.Collect$$$$00000000) for __main
    entry5.o(.ARM.Collect$$$$00000004) refers to init.o(.text) for __scatterload
    entry9a.o(.ARM.Collect$$$$0000000B) refers to main.o(.text) for main
    entry9b.o(.ARM.Collect$$$$0000000C) refers to main.o(.text) for main
    init.o(.text) refers to entry5.o(.ARM.Collect$$$$00000004) for __main_after_scatterload


==============================================================================

Removing Unused input sections from the image.

    Removing dfu_ble_svc.o(.rev16_text), (4 bytes).
    Removing dfu_ble_svc.o(.revsh_text), (4 bytes).
    Removing main.o(.rev16_text), (4 bytes).
    Removing main.o(.revsh_text), (4 bytes).
    Removing main.o(.text), (20 bytes).
    Removing system_nrf51.o(.rev16_text), (4 bytes).
    Removing system_nrf51.o(.revsh_text), (4 bytes).
    Removing system_nrf51.o(.text), (16 bytes).
    Removing arm_startup_nrf51.o(HEAP), (2048 bytes).
    Removing ble_advdata.o(.rev16_text), (4 bytes).
    Removing ble_advdata.o(.revsh_text), (4 bytes).
    Removing ble_conn_params.o(.rev16_text), (4 bytes).
    Removing ble_conn_params.o(.revsh_text), (4 bytes).
    Removing ble_conn_params.o(.text), (80 bytes).
    Removing ble_dfu.o(.rev16_text), (4 bytes).
    Removing ble_dfu.o(.revsh_text), (4 bytes).
    Removing ble_srv_common.o(.rev16_text), (4 bytes).
    Removing ble_srv_common.o(.revsh_text), (4 bytes).
    Removing ble_srv_common.o(.text), (12 bytes).
    Removing ble_srv_common.o(.text), (18 bytes).
    Removing ble_srv_common.o(.text), (46 bytes).
    Removing ble_srv_common.o(.text), (400 bytes).
    Removing ble_srv_common.o(.text), (176 bytes).
    Removing nrf_delay.o(.rev16_text), (4 bytes).
    Removing nrf_delay.o(.revsh_text), (4 bytes).
    Removing nrf_drv_common.o(.rev16_text), (4 bytes).
    Removing nrf_drv_common.o(.revsh_text), (4 bytes).
    Removing nrf_drv_common.o(.text), (96 bytes).
    Removing pstorage_raw.o(.rev16_text), (4 bytes).
    Removing pstorage_raw.o(.revsh_text), (4 bytes).
    Removing pstorage_raw.o(.text), (4 bytes).
    Removing app_error.o(.rev16_text), (4 bytes).
    Removing app_error.o(.revsh_text), (4 bytes).
    Removing app_error.o(.text), (2 bytes).
    Removing app_error.o(.text), (100 bytes).
    Removing app_error.o(.bss), (32 bytes).
    Removing app_scheduler.o(.rev16_text), (4 bytes).
    Removing app_scheduler.o(.revsh_text), (4 bytes).
    Removing app_timer.o(.rev16_text), (4 bytes).
    Removing app_timer.o(.revsh_text), (4 bytes).
    Removing app_timer.o(.text), (68 bytes).
    Removing app_timer.o(.text), (16 bytes).
    Removing app_timer.o(.text), (12 bytes).
    Removing app_timer_appsh.o(.rev16_text), (4 bytes).
    Removing app_timer_appsh.o(.revsh_text), (4 bytes).
    Removing bootloader.o(.rev16_text), (4 bytes).
    Removing bootloader.o(.revsh_text), (4 bytes).
    Removing bootloader.o(.emb_text), (30 bytes).
    Removing bootloader_settings.o(.rev16_text), (4 bytes).
    Removing bootloader_settings.o(.revsh_text), (4 bytes).
    Removing dfu_dual_bank.o(.rev16_text), (4 bytes).
    Removing dfu_dual_bank.o(.revsh_text), (4 bytes).
    Removing dfu_dual_bank.o(.text), (40 bytes).
    Removing dfu_init_template.o(.rev16_text), (4 bytes).
    Removing dfu_init_template.o(.revsh_text), (4 bytes).
    Removing dfu_transport_ble.o(.rev16_text), (4 bytes).
    Removing dfu_transport_ble.o(.revsh_text), (4 bytes).
    Removing dfu_transport_ble.o(.emb_text), (30 bytes).
    Removing dfu_transport_ble.o(.text), (28 bytes).
    Removing hci_mem_pool.o(.text), (4 bytes).
    Removing hci_mem_pool.o(.text), (40 bytes).
    Removing hci_mem_pool.o(.text), (12 bytes).
    Removing softdevice_handler.o(.rev16_text), (4 bytes).
    Removing softdevice_handler.o(.revsh_text), (4 bytes).
    Removing softdevice_handler.o(.text), (12 bytes).
    Removing softdevice_handler.o(.text), (24 bytes).
    Removing softdevice_handler.o(.text), (16 bytes).
    Removing softdevice_handler_appsh.o(.rev16_text), (4 bytes).
    Removing softdevice_handler_appsh.o(.revsh_text), (4 bytes).

69 unused section(s) (total 3550 bytes) removed from the image.

==============================================================================

Image Symbol Table

    Local Symbols

    Symbol Name                              Value     Ov Type        Size  Object(Section)

    ../clib/microlib/division.c              0x00000000   Number         0  uidiv.o ABSOLUTE
    ../clib/microlib/init/entry.s            0x00000000   Number         0  entry8a.o ABSOLUTE
    ../clib/microlib/init/entry.s            0x00000000   Number         0  entry5.o ABSOLUTE
    ../clib/microlib/init/entry.s            0x00000000   Number         0  entry10a.o ABSOLUTE
    ../clib/microlib/init/entry.s            0x00000000   Number         0  entry8b.o ABSOLUTE
    ../clib/microlib/init/entry.s            0x00000000   Number         0  entry10b.o ABSOLUTE
    ../clib/microlib/init/entry.s            0x00000000   Number         0  entry7b.o ABSOLUTE
    ../clib/microlib/init/entry.s            0x00000000   Number         0  entry11a.o ABSOLUTE
    ../clib/microlib/init/entry.s            0x00000000   Number         0  entry11b.o ABSOLUTE
    ../clib/microlib/init/entry.s            0x00000000   Number         0  entry9b.o ABSOLUTE
    ../clib/microlib/init/entry.s            0x00000000   Number         0  entry2.o ABSOLUTE
    ../clib/microlib/init/entry.s            0x00000000   Number         0  entry.o ABSOLUTE
    ../clib/microlib/init/entry.s            0x00000000   Number         0  entry9a.o ABSOLUTE
    ../clib/microlib/init/entry.s            0x00000000   Number         0  entry7a.o ABSOLUTE
    ../clib/microlib/string/memcmp.c         0x00000000   Number         0  memcmp.o ABSOLUTE
    ../clib/microlib/string/memcpy.c         0x00000000   Number         0  memcpyb.o ABSOLUTE
    ../clib/microlib/string/memcpy.c         0x00000000   Number         0  memcpya.o ABSOLUTE
    ../clib/microlib/string/memset.c         0x00000000   Number         0  memseta.o ABSOLUTE
    ../clib/microlib/string/strlen.c         0x00000000   Number         0  strlen.o ABSOLUTE
    ../clib/microlib/unhosted.c              0x00000000   Number         0  uread4.o ABSOLUTE
    ..\RTE\Device\nRF51822_xxAC\arm_startup_nrf51.s 0x00000000   Number         0  arm_startup_nrf51.o ABSOLUTE
    ..\RTE\Device\nRF51822_xxAC\system_nrf51.c 0x00000000   Number         0  system_nrf51.o ABSOLUTE
    ..\RTE\nRF_BLE\nRF51822_xxAC\ble_advdata.c 0x00000000   Number         0  ble_advdata.o ABSOLUTE
    ..\RTE\nRF_BLE\nRF51822_xxAC\ble_conn_params.c 0x00000000   Number         0  ble_conn_params.o ABSOLUTE
    ..\RTE\nRF_BLE\nRF51822_xxAC\ble_dfu.c   0x00000000   Number         0  ble_dfu.o ABSOLUTE
    ..\RTE\nRF_BLE\nRF51822_xxAC\ble_srv_common.c 0x00000000   Number         0  ble_srv_common.o ABSOLUTE
    ..\RTE\nRF_Drivers\nRF51822_xxAC\nrf_delay.c 0x00000000   Number         0  nrf_delay.o ABSOLUTE
    ..\RTE\nRF_Drivers\nRF51822_xxAC\nrf_drv_common.c 0x00000000   Number         0  nrf_drv_common.o ABSOLUTE
    ..\RTE\nRF_Drivers\nRF51822_xxAC\pstorage_raw.c 0x00000000   Number         0  pstorage_raw.o ABSOLUTE
    ..\RTE\nRF_Libraries\nRF51822_xxAC\app_error.c 0x00000000   Number         0  app_error.o ABSOLUTE
    ..\RTE\nRF_Libraries\nRF51822_xxAC\app_scheduler.c 0x00000000   Number         0  app_scheduler.o ABSOLUTE
    ..\RTE\nRF_Libraries\nRF51822_xxAC\app_timer.c 0x00000000   Number         0  app_timer.o ABSOLUTE
    ..\RTE\nRF_Libraries\nRF51822_xxAC\app_timer_appsh.c 0x00000000   Number         0  app_timer_appsh.o ABSOLUTE
    ..\RTE\nRF_Libraries\nRF51822_xxAC\bootloader.c 0x00000000   Number         0  bootloader.o ABSOLUTE
    ..\RTE\nRF_Libraries\nRF51822_xxAC\bootloader_settings.c 0x00000000   Number         0  bootloader_settings.o ABSOLUTE
    ..\RTE\nRF_Libraries\nRF51822_xxAC\bootloader_util.c 0x00000000   Number         0  bootloader_util.o ABSOLUTE
    ..\RTE\nRF_Libraries\nRF51822_xxAC\crc16.c 0x00000000   Number         0  crc16.o ABSOLUTE
    ..\RTE\nRF_Libraries\nRF51822_xxAC\dfu_dual_bank.c 0x00000000   Number         0  dfu_dual_bank.o ABSOLUTE
    ..\RTE\nRF_Libraries\nRF51822_xxAC\dfu_init_template.c 0x00000000   Number         0  dfu_init_template.o ABSOLUTE
    ..\RTE\nRF_Libraries\nRF51822_xxAC\dfu_transport_ble.c 0x00000000   Number         0  dfu_transport_ble.o ABSOLUTE
    ..\RTE\nRF_Libraries\nRF51822_xxAC\hci_mem_pool.c 0x00000000   Number         0  hci_mem_pool.o ABSOLUTE
    ..\RTE\nRF_SoftDevice\nRF51822_xxAC\softdevice_handler.c 0x00000000   Number         0  softdevice_handler.o ABSOLUTE
    ..\RTE\nRF_SoftDevice\nRF51822_xxAC\softdevice_handler_appsh.c 0x00000000   Number         0  softdevice_handler_appsh.o ABSOLUTE
    ..\\RTE\\Device\\nRF51822_xxAC\\system_nrf51.c 0x00000000   Number         0  system_nrf51.o ABSOLUTE
    ..\\RTE\\nRF_BLE\\nRF51822_xxAC\\ble_advdata.c 0x00000000   Number         0  ble_advdata.o ABSOLUTE
    ..\\RTE\\nRF_BLE\\nRF51822_xxAC\\ble_conn_params.c 0x00000000   Number         0  ble_conn_params.o ABSOLUTE
    ..\\RTE\\nRF_BLE\\nRF51822_xxAC\\ble_dfu.c 0x00000000   Number         0  ble_dfu.o ABSOLUTE
    ..\\RTE\\nRF_BLE\\nRF51822_xxAC\\ble_srv_common.c 0x00000000   Number         0  ble_srv_common.o ABSOLUTE
    ..\\RTE\\nRF_Drivers\\nRF51822_xxAC\\nrf_delay.c 0x00000000   Number         0  nrf_delay.o ABSOLUTE
    ..\\RTE\\nRF_Drivers\\nRF51822_xxAC\\nrf_drv_common.c 0x00000000   Number         0  nrf_drv_common.o ABSOLUTE
    ..\\RTE\\nRF_Drivers\\nRF51822_xxAC\\pstorage_raw.c 0x00000000   Number         0  pstorage_raw.o ABSOLUTE
    ..\\RTE\\nRF_Libraries\\nRF51822_xxAC\\app_error.c 0x00000000   Number         0  app_error.o ABSOLUTE
    ..\\RTE\\nRF_Libraries\\nRF51822_xxAC\\app_scheduler.c 0x00000000   Number         0  app_scheduler.o ABSOLUTE
    ..\\RTE\\nRF_Libraries\\nRF51822_xxAC\\app_timer.c 0x00000000   Number         0  app_timer.o ABSOLUTE
    ..\\RTE\\nRF_Libraries\\nRF51822_xxAC\\app_timer_appsh.c 0x00000000   Number         0  app_timer_appsh.o ABSOLUTE
    ..\\RTE\\nRF_Libraries\\nRF51822_xxAC\\bootloader.c 0x00000000   Number         0  bootloader.o ABSOLUTE
    ..\\RTE\\nRF_Libraries\\nRF51822_xxAC\\bootloader_settings.c 0x00000000   Number         0  bootloader_settings.o ABSOLUTE
    ..\\RTE\\nRF_Libraries\\nRF51822_xxAC\\bootloader_util.c 0x00000000   Number         0  bootloader_util.o ABSOLUTE
    ..\\RTE\\nRF_Libraries\\nRF51822_xxAC\\dfu_dual_bank.c 0x00000000   Number         0  dfu_dual_bank.o ABSOLUTE
    ..\\RTE\\nRF_Libraries\\nRF51822_xxAC\\dfu_init_template.c 0x00000000   Number         0  dfu_init_template.o ABSOLUTE
    ..\\RTE\\nRF_Libraries\\nRF51822_xxAC\\dfu_transport_ble.c 0x00000000   Number         0  dfu_transport_ble.o ABSOLUTE
    ..\\RTE\\nRF_SoftDevice\\nRF51822_xxAC\\softdevice_handler.c 0x00000000   Number         0  softdevice_handler.o ABSOLUTE
    ..\\RTE\\nRF_SoftDevice\\nRF51822_xxAC\\softdevice_handler_appsh.c 0x00000000   Number         0  softdevice_handler_appsh.o ABSOLUTE
    ..\\source\\dfu_ble_svc.c                0x00000000   Number         0  dfu_ble_svc.o ABSOLUTE
    ..\\source\\main.c                       0x00000000   Number         0  main.o ABSOLUTE
    ..\source\dfu_ble_svc.c                  0x00000000   Number         0  dfu_ble_svc.o ABSOLUTE
    ..\source\main.c                         0x00000000   Number         0  main.o ABSOLUTE
    dc.s                                     0x00000000   Number         0  dc.o ABSOLUTE
    handlers.s                               0x00000000   Number         0  handlers.o ABSOLUTE
    init.s                                   0x00000000   Number         0  init.o ABSOLUTE
    RESET                                    0x0003c000   Section      192  arm_startup_nrf51.o(RESET)
    .ARM.Collect$$$$00000000                 0x0003c0c0   Section        0  entry.o(.ARM.Collect$$$$00000000)
    .ARM.Collect$$$$00000001                 0x0003c0c0   Section        4  entry2.o(.ARM.Collect$$$$00000001)
    .ARM.Collect$$$$00000004                 0x0003c0c4   Section        4  entry5.o(.ARM.Collect$$$$00000004)
    .ARM.Collect$$$$00000008                 0x0003c0c8   Section        0  entry7b.o(.ARM.Collect$$$$00000008)
    .ARM.Collect$$$$0000000A                 0x0003c0c8   Section        0  entry8b.o(.ARM.Collect$$$$0000000A)
    .ARM.Collect$$$$0000000B                 0x0003c0c8   Section        8  entry9a.o(.ARM.Collect$$$$0000000B)
    .ARM.Collect$$$$0000000D                 0x0003c0d0   Section        0  entry10a.o(.ARM.Collect$$$$0000000D)
    .ARM.Collect$$$$0000000F                 0x0003c0d0   Section        0  entry11a.o(.ARM.Collect$$$$0000000F)
    .ARM.Collect$$$$00002712                 0x0003c0d0   Section        4  entry2.o(.ARM.Collect$$$$00002712)
    __lit__00000000                          0x0003c0d0   Data           4  entry2.o(.ARM.Collect$$$$00002712)
    .emb_text                                0x0003c0d4   Section       36  dfu_ble_svc.o(.emb_text)
    .emb_text                                0x0003c0f8   Section       30  nrf_delay.o(.emb_text)
    .emb_text                                0x0003c118   Section       30  app_timer.o(.emb_text)
    .emb_text                                0x0003c138   Section       52  bootloader_util.o(.emb_text)
    .text                                    0x0003c16c   Section        0  dfu_ble_svc.o(.text)
    .text                                    0x0003c200   Section        0  main.o(.text)
    sys_evt_dispatch                         0x0003c201   Thumb Code     8  main.o(.text)
    ble_stack_init                           0x0003c209   Thumb Code   120  main.o(.text)
    scheduler_init                           0x0003c36f   Thumb Code    24  main.o(.text)
    .text                                    0x0003c3b0   Section        0  system_nrf51.o(.text)
    is_manual_peripheral_setup_needed        0x0003c3f1   Thumb Code    66  system_nrf51.o(.text)
    .text                                    0x0003c448   Section       56  arm_startup_nrf51.o(.text)
    .text                                    0x0003c480   Section        0  ble_advdata.o(.text)
    uuid_list_sized_encode                   0x0003c481   Thumb Code   174  ble_advdata.o(.text)
    uuid_list_encode                         0x0003c52f   Thumb Code    46  ble_advdata.o(.text)
    uint16_encode                            0x0003c7d9   Thumb Code    10  ble_advdata.o(.text)
    le_role_encode                           0x0003c7e3   Thumb Code    84  ble_advdata.o(.text)
    ble_device_addr_encode                   0x0003c837   Thumb Code    94  ble_advdata.o(.text)
    name_encode                              0x0003c895   Thumb Code   158  ble_advdata.o(.text)
    conn_int_encode                          0x0003c933   Thumb Code   130  ble_advdata.o(.text)
    manuf_specific_data_encode               0x0003c9b5   Thumb Code   104  ble_advdata.o(.text)
    service_data_encode                      0x0003ca1d   Thumb Code   142  ble_advdata.o(.text)
    .text                                    0x0003cab0   Section        0  ble_conn_params.o(.text)
    update_timeout_handler                   0x0003cab1   Thumb Code    86  ble_conn_params.o(.text)
    conn_params_negotiation                  0x0003cb57   Thumb Code    92  ble_conn_params.o(.text)
    is_conn_params_ok                        0x0003cc37   Thumb Code    26  ble_conn_params.o(.text)
    .text                                    0x0003cc64   Section        0  ble_dfu.o(.text)
    on_ctrl_pt_write                         0x0003ccbb   Thumb Code   240  ble_dfu.o(.text)
    uint32_encode                            0x0003cf81   Thumb Code    18  ble_dfu.o(.text)
    dfu_pkt_char_add                         0x0003cf93   Thumb Code   130  ble_dfu.o(.text)
    dfu_rev_char_add                         0x0003d015   Thumb Code   158  ble_dfu.o(.text)
    dfu_ctrl_pt_add                          0x0003d0b3   Thumb Code   130  ble_dfu.o(.text)
    .text                                    0x0003d138   Section        0  nrf_delay.o(.text)
    .text                                    0x0003d154   Section        0  pstorage_raw.o(.text)
    cmd_queue_element_init                   0x0003d155   Thumb Code    26  pstorage_raw.o(.text)
    cmd_process                              0x0003d16f   Thumb Code    98  pstorage_raw.o(.text)
    cmd_queue_enqueue                        0x0003d1d1   Thumb Code    76  pstorage_raw.o(.text)
    is_word_aligned                          0x0003d339   Thumb Code    12  pstorage_raw.o(.text)
    app_notify                               0x0003d345   Thumb Code    32  pstorage_raw.o(.text)
    .text                                    0x0003d36c   Section        0  app_error.o(.text)
    .text                                    0x0003d370   Section        0  app_scheduler.o(.text)
    app_sched_event_get                      0x0003d49f   Thumb Code    62  app_scheduler.o(.text)
    .text                                    0x0003d4ec   Section        0  app_timer.o(.text)
    NVIC_SetPriority                         0x0003d4ed   Thumb Code    60  app_timer.o(.text)
    rtc1_stop                                0x0003d529   Thumb Code    50  app_timer.o(.text)
    list_deletions_handler                   0x0003d55b   Thumb Code   180  app_timer.o(.text)
    list_insertions_handler                  0x0003d60f   Thumb Code   202  app_timer.o(.text)
    user_id_get                              0x0003d7a5   Thumb Code    74  app_timer.o(.text)
    timer_list_insert                        0x0003d8af   Thumb Code   102  app_timer.o(.text)
    timer_list_handler_sched                 0x0003d915   Thumb Code    10  app_timer.o(.text)
    timer_timeouts_check                     0x0003d91f   Thumb Code   118  app_timer.o(.text)
    timer_list_handler                       0x0003d995   Thumb Code   128  app_timer.o(.text)
    user_op_alloc                            0x0003da15   Thumb Code    38  app_timer.o(.text)
    elapsed_ticks_acquire                    0x0003da3b   Thumb Code    58  app_timer.o(.text)
    compare_reg_update                       0x0003da75   Thumb Code   142  app_timer.o(.text)
    .text                                    0x0003db1c   Section        0  app_timer_appsh.o(.text)
    app_timer_evt_get                        0x0003db1d   Thumb Code    22  app_timer_appsh.o(.text)
    .text                                    0x0003db48   Section        0  bootloader.o(.text)
    pstorage_callback_handler                0x0003db49   Thumb Code    28  bootloader.o(.text)
    wait_for_events                          0x0003dbbb   Thumb Code    38  bootloader.o(.text)
    bootloader_settings_save                 0x0003dc1f   Thumb Code    46  bootloader.o(.text)
    .text                                    0x0003de88   Section        0  bootloader_settings.o(.text)
    .text                                    0x0003de94   Section        0  bootloader_util.o(.text)
    .text                                    0x0003de9c   Section        0  crc16.o(.text)
    .text                                    0x0003ded8   Section        0  dfu_dual_bank.o(.text)
    pstorage_callback_handler                0x0003ded9   Thumb Code    74  dfu_dual_bank.o(.text)
    dfu_timeout_handler                      0x0003df23   Thumb Code    32  dfu_dual_bank.o(.text)
    dfu_timer_restart                        0x0003df43   Thumb Code    54  dfu_dual_bank.o(.text)
    dfu_prepare_func_app_erase               0x0003df79   Thumb Code    36  dfu_dual_bank.o(.text)
    dfu_prepare_func_swap_erase              0x0003df9d   Thumb Code    48  dfu_dual_bank.o(.text)
    dfu_cleared_func_swap                    0x0003dfcd   Thumb Code     2  dfu_dual_bank.o(.text)
    dfu_cleared_func_app                     0x0003dfcf   Thumb Code    30  dfu_dual_bank.o(.text)
    dfu_activate_sd                          0x0003dfed   Thumb Code    62  dfu_dual_bank.o(.text)
    dfu_activate_app                         0x0003e02b   Thumb Code    94  dfu_dual_bank.o(.text)
    dfu_activate_bl                          0x0003e089   Thumb Code    54  dfu_dual_bank.o(.text)
    dfu_sd_img_block_swap                    0x0003e371   Thumb Code    68  dfu_dual_bank.o(.text)
    dfu_compare_block                        0x0003e501   Thumb Code    22  dfu_dual_bank.o(.text)
    dfu_copy_sd                              0x0003e517   Thumb Code    20  dfu_dual_bank.o(.text)
    .text                                    0x0003e538   Section        0  dfu_init_template.o(.text)
    .text                                    0x0003e5dc   Section        0  dfu_transport_ble.o(.text)
    nrf_err_code_translate                   0x0003e5dd   Thumb Code    54  dfu_transport_ble.o(.text)
    dfu_cb_handler                           0x0003e613   Thumb Code    88  dfu_transport_ble.o(.text)
    app_data_process                         0x0003e66b   Thumb Code   202  dfu_transport_ble.o(.text)
    conn_params_error_handler                0x0003e735   Thumb Code     8  dfu_transport_ble.o(.text)
    on_dfu_evt                               0x0003e785   Thumb Code   206  dfu_transport_ble.o(.text)
    advertising_init                         0x0003e853   Thumb Code    64  dfu_transport_ble.o(.text)
    advertising_start                        0x0003e893   Thumb Code   168  dfu_transport_ble.o(.text)
    on_ble_evt                               0x0003e93b   Thumb Code   380  dfu_transport_ble.o(.text)
    ble_evt_dispatch                         0x0003eab7   Thumb Code    26  dfu_transport_ble.o(.text)
    service_error_handler                    0x0003ead1   Thumb Code     8  dfu_transport_ble.o(.text)
    nrf_gpio_cfg_output                      0x0003ebf5   Thumb Code    12  dfu_transport_ble.o(.text)
    nrf_gpio_pin_set                         0x0003ec01   Thumb Code    10  dfu_transport_ble.o(.text)
    service_change_indicate                  0x0003ec0b   Thumb Code    90  dfu_transport_ble.o(.text)
    dfu_error_notify                         0x0003ec65   Thumb Code    34  dfu_transport_ble.o(.text)
    start_data_process                       0x0003ec87   Thumb Code   118  dfu_transport_ble.o(.text)
    init_data_process                        0x0003ecfd   Thumb Code    90  dfu_transport_ble.o(.text)
    uint32_decode                            0x0003ed57   Thumb Code    20  dfu_transport_ble.o(.text)
    .text                                    0x0003eda8   Section        0  hci_mem_pool.o(.text)
    .text                                    0x0003eef4   Section        0  softdevice_handler.o(.text)
    .text                                    0x0003f018   Section        0  softdevice_handler_appsh.o(.text)
    .text                                    0x0003f03c   Section        0  uidiv.o(.text)
    .text                                    0x0003f068   Section        0  memcpya.o(.text)
    .text                                    0x0003f08c   Section        0  memseta.o(.text)
    .text                                    0x0003f0b0   Section        0  memcmp.o(.text)
    .text                                    0x0003f0ca   Section        0  uread4.o(.text)
    .text                                    0x0003f0e0   Section       36  init.o(.text)
    i.__ARM_common_switch8                   0x0003f104   Section        0  ble_dfu.o(i.__ARM_common_switch8)
    i.__scatterload_copy                     0x0003f11e   Section       14  handlers.o(i.__scatterload_copy)
    i.__scatterload_null                     0x0003f12c   Section        2  handlers.o(i.__scatterload_null)
    i.__scatterload_zeroinit                 0x0003f12e   Section       14  handlers.o(i.__scatterload_zeroinit)
    .constdata                               0x0003f13c   Section       16  main.o(.constdata)
    .constdata                               0x0003f14c   Section        4  ble_conn_params.o(.constdata)
    m_conn_params_timer_id                   0x0003f14c   Data           4  ble_conn_params.o(.constdata)
    .constdata                               0x0003f150   Section       16  ble_dfu.o(.constdata)
    .constdata                               0x0003f160   Section       28  bootloader.o(.constdata)
    .constdata                               0x0003f17c   Section       32  dfu_dual_bank.o(.constdata)
    m_dfu_timer_id                           0x0003f17c   Data           4  dfu_dual_bank.o(.constdata)
    .constdata                               0x0003f19c   Section       32  dfu_transport_ble.o(.constdata)
    .ARM.__AT_0x0003FC00                     0x0003fc00   Section     1024  bootloader_settings.o(.ARM.__AT_0x0003FC00)
    __tagsym$$used                           0x0003fc00   Number         0  bootloader_settings.o(.ARM.__AT_0x0003FC00)
    .ARM.__AT_0x10001014                     0x10001014   Section        4  bootloader_settings.o(.ARM.__AT_0x10001014)
    .data                                    0x20002000   Section        4  system_nrf51.o(.data)
    __tagsym$$used                           0x20002000   Number         0  system_nrf51.o(.data)
    .data                                    0x20002004   Section       20  ble_conn_params.o(.data)
    m_change_param                           0x20002004   Data           1  ble_conn_params.o(.data)
    m_update_count                           0x20002005   Data           1  ble_conn_params.o(.data)
    m_conn_handle                            0x20002006   Data           2  ble_conn_params.o(.data)
    m_preferred_conn_params                  0x20002008   Data           8  ble_conn_params.o(.data)
    m_current_conn_params                    0x20002010   Data           8  ble_conn_params.o(.data)
    .data                                    0x20002018   Section        8  ble_dfu.o(.data)
    m_is_dfu_service_initialized             0x20002018   Data           1  ble_dfu.o(.data)
    m_notif_buffer                           0x20002019   Data           7  ble_dfu.o(.data)
    .data                                    0x20002020   Section        8  pstorage_raw.o(.data)
    m_next_app_instance                      0x20002020   Data           2  pstorage_raw.o(.data)
    m_round_val                              0x20002022   Data           2  pstorage_raw.o(.data)
    m_app_table                              0x20002024   Data           4  pstorage_raw.o(.data)
    .data                                    0x20002028   Section       16  app_scheduler.o(.data)
    m_queue_start_index                      0x20002028   Data           1  app_scheduler.o(.data)
    m_queue_end_index                        0x20002029   Data           1  app_scheduler.o(.data)
    m_queue_event_size                       0x2000202a   Data           2  app_scheduler.o(.data)
    m_queue_size                             0x2000202c   Data           2  app_scheduler.o(.data)
    m_queue_event_headers                    0x20002030   Data           4  app_scheduler.o(.data)
    m_queue_event_data                       0x20002034   Data           4  app_scheduler.o(.data)
    .data                                    0x20002038   Section       32  app_timer.o(.data)
    m_user_array_size                        0x20002038   Data           1  app_timer.o(.data)
    m_ticks_elapsed_q_read_ind               0x20002039   Data           1  app_timer.o(.data)
    m_ticks_elapsed_q_write_ind              0x2000203a   Data           1  app_timer.o(.data)
    m_rtc1_running                           0x2000203b   Data           1  app_timer.o(.data)
    m_rtc1_reset                             0x2000203c   Data           1  app_timer.o(.data)
    mp_users                                 0x20002040   Data           4  app_timer.o(.data)
    mp_timer_id_head                         0x20002044   Data           4  app_timer.o(.data)
    m_ticks_latest                           0x20002048   Data           4  app_timer.o(.data)
    m_evt_schedule_func                      0x2000204c   Data           4  app_timer.o(.data)
    m_ticks_elapsed                          0x20002050   Data           8  app_timer.o(.data)
    .data                                    0x20002058   Section       16  bootloader.o(.data)
    count                                    0x20002058   Data           1  bootloader.o(.data)
    m_update_status                          0x20002059   Data           1  bootloader.o(.data)
    time                                     0x2000205c   Data           4  bootloader.o(.data)
    m_bootsettings_handle                    0x20002060   Data           8  bootloader.o(.data)
    .data                                    0x20002068   Section       40  dfu_dual_bank.o(.data)
    m_dfu_timed_out                          0x20002068   Data           1  dfu_dual_bank.o(.data)
    m_dfu_state                              0x20002069   Data           1  dfu_dual_bank.o(.data)
    m_init_packet_length                     0x2000206a   Data           1  dfu_dual_bank.o(.data)
    m_image_crc                              0x2000206c   Data           2  dfu_dual_bank.o(.data)
    m_data_received                          0x20002070   Data           4  dfu_dual_bank.o(.data)
    m_image_size                             0x20002074   Data           4  dfu_dual_bank.o(.data)
    mp_storage_handle_active                 0x20002078   Data           4  dfu_dual_bank.o(.data)
    m_data_pkt_cb                            0x2000207c   Data           4  dfu_dual_bank.o(.data)
    m_storage_handle_swap                    0x20002080   Data           8  dfu_dual_bank.o(.data)
    m_storage_handle_app                     0x20002088   Data           8  dfu_dual_bank.o(.data)
    .data                                    0x20002090   Section        1  dfu_init_template.o(.data)
    m_extended_packet_length                 0x20002090   Data           1  dfu_init_template.o(.data)
    .data                                    0x20002094   Section       33  dfu_transport_ble.o(.data)
    m_tear_down_in_progress                  0x20002094   Data           1  dfu_transport_ble.o(.data)
    m_pkt_rcpt_notif_enabled                 0x20002095   Data           1  dfu_transport_ble.o(.data)
    m_is_advertising                         0x20002096   Data           1  dfu_transport_ble.o(.data)
    m_ble_peer_data_valid                    0x20002097   Data           1  dfu_transport_ble.o(.data)
    m_pkt_type                               0x20002098   Data           1  dfu_transport_ble.o(.data)
    m_update_mode                            0x20002099   Data           1  dfu_transport_ble.o(.data)
    m_conn_handle                            0x2000209a   Data           2  dfu_transport_ble.o(.data)
    m_pkt_notif_target                       0x2000209c   Data           2  dfu_transport_ble.o(.data)
    m_pkt_notif_target_cnt                   0x2000209e   Data           2  dfu_transport_ble.o(.data)
    m_direct_adv_cnt                         0x200020a0   Data           4  dfu_transport_ble.o(.data)
    m_num_of_firmware_bytes_rcvd             0x200020a4   Data           4  dfu_transport_ble.o(.data)
    mp_rx_buffer                             0x200020a8   Data           4  dfu_transport_ble.o(.data)
    mp_final_packet                          0x200020ac   Data           4  dfu_transport_ble.o(.data)
    m_sec_params                             0x200020b0   Data           5  dfu_transport_ble.o(.data)
    .data                                    0x200020b5   Section        1  hci_mem_pool.o(.data)
    m_is_tx_allocated                        0x200020b5   Data           1  hci_mem_pool.o(.data)
    .data                                    0x200020b8   Section       20  softdevice_handler.o(.data)
    m_softdevice_enabled                     0x200020b8   Data           1  softdevice_handler.o(.data)
    m_ble_evt_buffer_size                    0x200020ba   Data           2  softdevice_handler.o(.data)
    m_evt_schedule_func                      0x200020bc   Data           4  softdevice_handler.o(.data)
    mp_ble_evt_buffer                        0x200020c0   Data           4  softdevice_handler.o(.data)
    m_ble_evt_handler                        0x200020c4   Data           4  softdevice_handler.o(.data)
    m_sys_evt_handler                        0x200020c8   Data           4  softdevice_handler.o(.data)
    .bss                                     0x200020cc   Section      864  main.o(.bss)
    APP_TIMER_BUF                            0x200020cc   Data         456  main.o(.bss)
    BLE_EVT_BUFFER                           0x20002294   Data          72  main.o(.bss)
    APP_SCHED_BUF                            0x200022dc   Data         336  main.o(.bss)
    .bss                                     0x2000242c   Section       32  ble_conn_params.o(.bss)
    m_conn_params_timer_id_data              0x2000242c   Data          32  ble_conn_params.o(.bss)
    .bss                                     0x2000244c   Section       28  ble_conn_params.o(.bss)
    m_conn_params_config                     0x2000244c   Data          28  ble_conn_params.o(.bss)
    .bss                                     0x20002468   Section      204  pstorage_raw.o(.bss)
    m_cmd_queue                              0x20002468   Data         204  pstorage_raw.o(.bss)
    .bss                                     0x20002534   Section       28  bootloader.o(.bss)
    settings                                 0x20002534   Data          28  bootloader.o(.bss)
    .bss                                     0x20002550   Section       32  dfu_dual_bank.o(.bss)
    m_dfu_timer_id_data                      0x20002550   Data          32  dfu_dual_bank.o(.bss)
    .bss                                     0x20002570   Section      156  dfu_dual_bank.o(.bss)
    m_start_packet                           0x20002570   Data          16  dfu_dual_bank.o(.bss)
    m_init_packet                            0x20002580   Data         128  dfu_dual_bank.o(.bss)
    m_functions                              0x20002600   Data          12  dfu_dual_bank.o(.bss)
    .bss                                     0x2000260c   Section       10  dfu_init_template.o(.bss)
    m_extended_packet                        0x2000260c   Data          10  dfu_init_template.o(.bss)
    .bss                                     0x20002618   Section      132  dfu_transport_ble.o(.bss)
    m_adv_params                             0x20002618   Data          24  dfu_transport_ble.o(.bss)
    m_dfu                                    0x20002630   Data          48  dfu_transport_ble.o(.bss)
    m_ble_peer_data                          0x20002660   Data          60  dfu_transport_ble.o(.bss)
    .bss                                     0x2000269c   Section     3044  hci_mem_pool.o(.bss)
    tx_buffer                                0x2000269c   Data         600  hci_mem_pool.o(.bss)
    m_rx_buffer_elem_queue                   0x200028f4   Data        2416  hci_mem_pool.o(.bss)
    m_rx_buffer_queue                        0x20003264   Data          28  hci_mem_pool.o(.bss)
    STACK                                    0x20003280   Section     2048  arm_startup_nrf51.o(STACK)
    NoInit                                   0x20003f80   Section       62  dfu_ble_svc.o(NoInit)
    m_peer_data_crc                          0x20003f80   Data           2  dfu_ble_svc.o(NoInit)
    m_peer_data                              0x20003f82   Data          60  dfu_ble_svc.o(NoInit)

    Global Symbols

    Symbol Name                              Value     Ov Type        Size  Object(Section)

    BuildAttributes$$THM_ISAv3M$S$PE$A:L22$X:L11$S22$IEEE1$IW$USESV6$~STKCKD$USESV7$~SHL$OSPACE$EBA8$MICROLIB$REQ8$PRES8$EABIv2 0x00000000   Number         0  anon$$obj.o ABSOLUTE
    __ARM_use_no_argv                        0x00000000   Number         0  main.o ABSOLUTE
    __cpp_initialize__aeabi_                  - Undefined Weak Reference
    __cxa_finalize                            - Undefined Weak Reference
    __decompress                              - Undefined Weak Reference
    _clock_init                               - Undefined Weak Reference
    _microlib_exit                            - Undefined Weak Reference
    __Vectors_Size                           0x000000c0   Number         0  arm_startup_nrf51.o ABSOLUTE
    __Vectors                                0x0003c000   Data           4  arm_startup_nrf51.o(RESET)
    __Vectors_End                            0x0003c0c0   Data           0  arm_startup_nrf51.o(RESET)
    __main                                   0x0003c0c1   Thumb Code     0  entry.o(.ARM.Collect$$$$00000000)
    _main_stk                                0x0003c0c1   Thumb Code     0  entry2.o(.ARM.Collect$$$$00000001)
    _main_scatterload                        0x0003c0c5   Thumb Code     0  entry5.o(.ARM.Collect$$$$00000004)
    __main_after_scatterload                 0x0003c0c9   Thumb Code     0  entry5.o(.ARM.Collect$$$$00000004)
    _main_clock                              0x0003c0c9   Thumb Code     0  entry7b.o(.ARM.Collect$$$$00000008)
    _main_cpp_init                           0x0003c0c9   Thumb Code     0  entry8b.o(.ARM.Collect$$$$0000000A)
    _main_init                               0x0003c0c9   Thumb Code     0  entry9a.o(.ARM.Collect$$$$0000000B)
    __rt_final_cpp                           0x0003c0d1   Thumb Code     0  entry10a.o(.ARM.Collect$$$$0000000D)
    __rt_final_exit                          0x0003c0d1   Thumb Code     0  entry11a.o(.ARM.Collect$$$$0000000F)
    SVC_Handler                              0x0003c0d5   Thumb Code    28  dfu_ble_svc.o(.emb_text)
    __asm___11_nrf_delay_c_532987f3__nrf_delay_us 0x0003c0f9   Thumb Code    30  nrf_delay.o(.emb_text)
    __asm___11_app_timer_c_cd27f9c3__nrf_delay_us 0x0003c119   Thumb Code    30  app_timer.o(.emb_text)
    __asm___17_bootloader_util_c_c13d365c__bootloader_util_reset 0x0003c139   Thumb Code    52  bootloader_util.o(.emb_text)
    C_SVC_Handler                            0x0003c16d   Thumb Code    88  dfu_ble_svc.o(.text)
    dfu_ble_peer_data_get                    0x0003c1c5   Thumb Code    54  dfu_ble_svc.o(.text)
    main                                     0x0003c281   Thumb Code   238  main.o(.text)
    SystemInit                               0x0003c3b1   Thumb Code    64  system_nrf51.o(.text)
    Reset_Handler                            0x0003c449   Thumb Code    26  arm_startup_nrf51.o(.text)
    NMI_Handler                              0x0003c463   Thumb Code     2  arm_startup_nrf51.o(.text)
    HardFault_Handler                        0x0003c465   Thumb Code     2  arm_startup_nrf51.o(.text)
    PendSV_Handler                           0x0003c469   Thumb Code     2  arm_startup_nrf51.o(.text)
    SysTick_Handler                          0x0003c46b   Thumb Code     2  arm_startup_nrf51.o(.text)
    ADC_IRQHandler                           0x0003c46d   Thumb Code     0  arm_startup_nrf51.o(.text)
    CCM_AAR_IRQHandler                       0x0003c46d   Thumb Code     0  arm_startup_nrf51.o(.text)
    ECB_IRQHandler                           0x0003c46d   Thumb Code     0  arm_startup_nrf51.o(.text)
    GPIOTE_IRQHandler                        0x0003c46d   Thumb Code     0  arm_startup_nrf51.o(.text)
    LPCOMP_IRQHandler                        0x0003c46d   Thumb Code     0  arm_startup_nrf51.o(.text)
    POWER_CLOCK_IRQHandler                   0x0003c46d   Thumb Code     0  arm_startup_nrf51.o(.text)
    QDEC_IRQHandler                          0x0003c46d   Thumb Code     0  arm_startup_nrf51.o(.text)
    RADIO_IRQHandler                         0x0003c46d   Thumb Code     0  arm_startup_nrf51.o(.text)
    RNG_IRQHandler                           0x0003c46d   Thumb Code     0  arm_startup_nrf51.o(.text)
    RTC0_IRQHandler                          0x0003c46d   Thumb Code     0  arm_startup_nrf51.o(.text)
    SPI0_TWI0_IRQHandler                     0x0003c46d   Thumb Code     0  arm_startup_nrf51.o(.text)
    SPI1_TWI1_IRQHandler                     0x0003c46d   Thumb Code     0  arm_startup_nrf51.o(.text)
    SWI1_IRQHandler                          0x0003c46d   Thumb Code     0  arm_startup_nrf51.o(.text)
    SWI3_IRQHandler                          0x0003c46d   Thumb Code     0  arm_startup_nrf51.o(.text)
    SWI4_IRQHandler                          0x0003c46d   Thumb Code     0  arm_startup_nrf51.o(.text)
    SWI5_IRQHandler                          0x0003c46d   Thumb Code     0  arm_startup_nrf51.o(.text)
    TEMP_IRQHandler                          0x0003c46d   Thumb Code     0  arm_startup_nrf51.o(.text)
    TIMER0_IRQHandler                        0x0003c46d   Thumb Code     0  arm_startup_nrf51.o(.text)
    TIMER1_IRQHandler                        0x0003c46d   Thumb Code     0  arm_startup_nrf51.o(.text)
    TIMER2_IRQHandler                        0x0003c46d   Thumb Code     0  arm_startup_nrf51.o(.text)
    UART0_IRQHandler                         0x0003c46d   Thumb Code     0  arm_startup_nrf51.o(.text)
    WDT_IRQHandler                           0x0003c46d   Thumb Code     0  arm_startup_nrf51.o(.text)
    adv_data_encode                          0x0003c55d   Thumb Code   532  ble_advdata.o(.text)
    ble_advdata_set                          0x0003c771   Thumb Code   104  ble_advdata.o(.text)
    ble_conn_params_init                     0x0003cb07   Thumb Code    68  ble_conn_params.o(.text)
    ble_conn_params_stop                     0x0003cb4b   Thumb Code    12  ble_conn_params.o(.text)
    ble_conn_params_on_ble_evt               0x0003cbb3   Thumb Code   132  ble_conn_params.o(.text)
    ble_dfu_response_send                    0x0003cc65   Thumb Code    86  ble_dfu.o(.text)
    ble_dfu_init                             0x0003cdab   Thumb Code   128  ble_dfu.o(.text)
    ble_dfu_on_ble_evt                       0x0003ce2b   Thumb Code   132  ble_dfu.o(.text)
    ble_dfu_bytes_rcvd_report                0x0003ceaf   Thumb Code   110  ble_dfu.o(.text)
    ble_dfu_pkts_rcpt_notify                 0x0003cf1d   Thumb Code   100  ble_dfu.o(.text)
    nrf_delay_ms                             0x0003d139   Thumb Code    24  nrf_delay.o(.text)
    pstorage_sys_event_handler               0x0003d21d   Thumb Code   140  pstorage_raw.o(.text)
    pstorage_init                            0x0003d2a9   Thumb Code    44  pstorage_raw.o(.text)
    pstorage_register                        0x0003d2d5   Thumb Code    32  pstorage_raw.o(.text)
    pstorage_store                           0x0003d2f5   Thumb Code    50  pstorage_raw.o(.text)
    pstorage_clear                           0x0003d327   Thumb Code    18  pstorage_raw.o(.text)
    app_error_fault_handler                  0x0003d36d   Thumb Code     2  app_error.o(.text)
    app_error_handler_bare                   0x0003d36f   Thumb Code     2  app_error.o(.text)
    app_sched_init                           0x0003d371   Thumb Code    40  app_scheduler.o(.text)
    app_sched_event_put                      0x0003d399   Thumb Code   232  app_scheduler.o(.text)
    app_sched_execute                        0x0003d481   Thumb Code    30  app_scheduler.o(.text)
    RTC1_IRQHandler                          0x0003d6d9   Thumb Code    28  app_timer.o(.text)
    SWI0_IRQHandler                          0x0003d6f5   Thumb Code     8  app_timer.o(.text)
    app_timer_init                           0x0003d6fd   Thumb Code   128  app_timer.o(.text)
    app_timer_create                         0x0003d77d   Thumb Code    40  app_timer.o(.text)
    app_timer_start                          0x0003d7ef   Thumb Code   114  app_timer.o(.text)
    app_timer_stop                           0x0003d861   Thumb Code    78  app_timer.o(.text)
    app_timer_evt_schedule                   0x0003db33   Thumb Code    18  app_timer_appsh.o(.text)
    LedTest                                  0x0003db65   Thumb Code    86  bootloader.o(.text)
    bootloader_app_is_valid                  0x0003dbe1   Thumb Code    62  bootloader.o(.text)
    bootloader_dfu_update_process            0x0003dc4d   Thumb Code   218  bootloader.o(.text)
    bootloader_init                          0x0003dd27   Thumb Code    36  bootloader.o(.text)
    bootloader_dfu_start                     0x0003dd4b   Thumb Code    38  bootloader.o(.text)
    bootloader_app_start                     0x0003dd71   Thumb Code    72  bootloader.o(.text)
    bootloader_dfu_sd_in_progress            0x0003ddb9   Thumb Code    30  bootloader.o(.text)
    bootloader_dfu_sd_update_continue        0x0003ddd7   Thumb Code    64  bootloader.o(.text)
    bootloader_dfu_sd_update_finalize        0x0003de17   Thumb Code    38  bootloader.o(.text)
    bootloader_settings_get                  0x0003de3d   Thumb Code    46  bootloader.o(.text)
    bootloader_util_settings_get             0x0003de89   Thumb Code     6  bootloader_settings.o(.text)
    bootloader_util_app_start                0x0003de95   Thumb Code     8  bootloader_util.o(.text)
    crc16_compute                            0x0003de9d   Thumb Code    54  crc16.o(.text)
    dfu_init                                 0x0003e0bf   Thumb Code   122  dfu_dual_bank.o(.text)
    dfu_register_callback                    0x0003e139   Thumb Code     6  dfu_dual_bank.o(.text)
    dfu_start_pkt_handle                     0x0003e13f   Thumb Code   158  dfu_dual_bank.o(.text)
    dfu_data_pkt_handle                      0x0003e1dd   Thumb Code   106  dfu_dual_bank.o(.text)
    dfu_init_pkt_complete                    0x0003e247   Thumb Code    46  dfu_dual_bank.o(.text)
    dfu_init_pkt_handle                      0x0003e275   Thumb Code   136  dfu_dual_bank.o(.text)
    dfu_image_validate                       0x0003e2fd   Thumb Code    54  dfu_dual_bank.o(.text)
    dfu_image_activate                       0x0003e333   Thumb Code    38  dfu_dual_bank.o(.text)
    dfu_reset                                0x0003e359   Thumb Code    24  dfu_dual_bank.o(.text)
    dfu_sd_image_swap                        0x0003e3b5   Thumb Code   116  dfu_dual_bank.o(.text)
    dfu_bl_image_swap                        0x0003e429   Thumb Code    64  dfu_dual_bank.o(.text)
    dfu_bl_image_validate                    0x0003e469   Thumb Code    64  dfu_dual_bank.o(.text)
    dfu_sd_image_validate                    0x0003e4a9   Thumb Code    88  dfu_dual_bank.o(.text)
    dfu_init_prevalidate                     0x0003e539   Thumb Code   118  dfu_init_template.o(.text)
    dfu_init_postvalidate                    0x0003e5af   Thumb Code    30  dfu_init_template.o(.text)
    dfu_transport_close                      0x0003e73d   Thumb Code    72  dfu_transport_ble.o(.text)
    dfu_transport_update_start               0x0003ead9   Thumb Code   284  dfu_transport_ble.o(.text)
    hci_mem_pool_open                        0x0003eda9   Thumb Code    30  hci_mem_pool.o(.text)
    hci_mem_pool_rx_produce                  0x0003edc7   Thumb Code    84  hci_mem_pool.o(.text)
    hci_mem_pool_rx_consume                  0x0003ee1b   Thumb Code   104  hci_mem_pool.o(.text)
    hci_mem_pool_rx_data_size_set            0x0003ee83   Thumb Code    28  hci_mem_pool.o(.text)
    hci_mem_pool_rx_extract                  0x0003ee9f   Thumb Code    74  hci_mem_pool.o(.text)
    softdevice_fault_handler                 0x0003eef5   Thumb Code     8  softdevice_handler.o(.text)
    intern_softdevice_events_execute         0x0003eefd   Thumb Code   116  softdevice_handler.o(.text)
    softdevice_handler_init                  0x0003ef71   Thumb Code    40  softdevice_handler.o(.text)
    softdevice_ble_evt_handler_set           0x0003ef99   Thumb Code    16  softdevice_handler.o(.text)
    softdevice_sys_evt_handler_set           0x0003efa9   Thumb Code    16  softdevice_handler.o(.text)
    SWI2_IRQHandler                          0x0003efb9   Thumb Code    28  softdevice_handler.o(.text)
    softdevice_enable_get_default_config     0x0003efd5   Thumb Code    40  softdevice_handler.o(.text)
    softdevice_enable                        0x0003effd   Thumb Code    14  softdevice_handler.o(.text)
    softdevice_evt_get                       0x0003f019   Thumb Code    18  softdevice_handler_appsh.o(.text)
    softdevice_evt_schedule                  0x0003f02b   Thumb Code    14  softdevice_handler_appsh.o(.text)
    __aeabi_uidiv                            0x0003f03d   Thumb Code     0  uidiv.o(.text)
    __aeabi_uidivmod                         0x0003f03d   Thumb Code    44  uidiv.o(.text)
    __aeabi_memcpy                           0x0003f069   Thumb Code    36  memcpya.o(.text)
    __aeabi_memcpy4                          0x0003f069   Thumb Code     0  memcpya.o(.text)
    __aeabi_memcpy8                          0x0003f069   Thumb Code     0  memcpya.o(.text)
    __aeabi_memset                           0x0003f08d   Thumb Code    14  memseta.o(.text)
    __aeabi_memset4                          0x0003f08d   Thumb Code     0  memseta.o(.text)
    __aeabi_memset8                          0x0003f08d   Thumb Code     0  memseta.o(.text)
    __aeabi_memclr                           0x0003f09b   Thumb Code     4  memseta.o(.text)
    __aeabi_memclr4                          0x0003f09b   Thumb Code     0  memseta.o(.text)
    __aeabi_memclr8                          0x0003f09b   Thumb Code     0  memseta.o(.text)
    _memset$wrapper                          0x0003f09f   Thumb Code    18  memseta.o(.text)
    memcmp                                   0x0003f0b1   Thumb Code    26  memcmp.o(.text)
    __aeabi_uread4                           0x0003f0cb   Thumb Code    20  uread4.o(.text)
    __rt_uread4                              0x0003f0cb   Thumb Code     0  uread4.o(.text)
    _uread4                                  0x0003f0cb   Thumb Code     0  uread4.o(.text)
    __scatterload                            0x0003f0e1   Thumb Code    28  init.o(.text)
    __scatterload_rt2                        0x0003f0e1   Thumb Code     0  init.o(.text)
    __ARM_common_switch8                     0x0003f105   Thumb Code    26  ble_dfu.o(i.__ARM_common_switch8)
    __scatterload_copy                       0x0003f11f   Thumb Code    14  handlers.o(i.__scatterload_copy)
    __scatterload_null                       0x0003f12d   Thumb Code     2  handlers.o(i.__scatterload_null)
    __scatterload_zeroinit                   0x0003f12f   Thumb Code    14  handlers.o(i.__scatterload_zeroinit)
    Region$$Table$$Base                      0x0003f1bc   Number         0  anon$$obj.o(Region$$Table)
    Region$$Table$$Limit                     0x0003f1dc   Number         0  anon$$obj.o(Region$$Table)
    m_boot_settings                          0x0003fc00   Data        1024  bootloader_settings.o(.ARM.__AT_0x0003FC00)
    m_uicr_bootloader_start_address          0x10001014   Data           4  bootloader_settings.o(.ARM.__AT_0x10001014)
    Image$$RW_IRAM1$$Base                    0x20002000   Number         0  anon$$obj.o ABSOLUTE
    SystemCoreClock                          0x20002000   Data           4  system_nrf51.o(.data)
    __initial_sp                             0x20003a80   Data           0  arm_startup_nrf51.o(STACK)



==============================================================================

Memory Map of the image

  Image Entry point : 0x0003c0c1

  Load Region LR_IROM1 (Base: 0x0003c000, Size: 0x000032a8, Max: 0x00003c00, ABSOLUTE)

    Execution Region ER_IROM1 (Base: 0x0003c000, Size: 0x000031dc, Max: 0x00003c00, ABSOLUTE)

    Base Addr    Size         Type   Attr      Idx    E Section Name        Object

    0x0003c000   0x000000c0   Data   RO          276    RESET               arm_startup_nrf51.o
    0x0003c0c0   0x00000000   Code   RO         1026  * .ARM.Collect$$$$00000000  mc_p.l(entry.o)
    0x0003c0c0   0x00000004   Code   RO         1043    .ARM.Collect$$$$00000001  mc_p.l(entry2.o)
    0x0003c0c4   0x00000004   Code   RO         1046    .ARM.Collect$$$$00000004  mc_p.l(entry5.o)
    0x0003c0c8   0x00000000   Code   RO         1048    .ARM.Collect$$$$00000008  mc_p.l(entry7b.o)
    0x0003c0c8   0x00000000   Code   RO         1050    .ARM.Collect$$$$0000000A  mc_p.l(entry8b.o)
    0x0003c0c8   0x00000008   Code   RO         1051    .ARM.Collect$$$$0000000B  mc_p.l(entry9a.o)
    0x0003c0d0   0x00000000   Code   RO         1053    .ARM.Collect$$$$0000000D  mc_p.l(entry10a.o)
    0x0003c0d0   0x00000000   Code   RO         1055    .ARM.Collect$$$$0000000F  mc_p.l(entry11a.o)
    0x0003c0d0   0x00000004   Code   RO         1044    .ARM.Collect$$$$00002712  mc_p.l(entry2.o)
    0x0003c0d4   0x00000024   Code   RO            3    .emb_text           dfu_ble_svc.o
    0x0003c0f8   0x0000001e   Code   RO          451    .emb_text           nrf_delay.o
    0x0003c116   0x00000002   PAD
    0x0003c118   0x0000001e   Code   RO          637    .emb_text           app_timer.o
    0x0003c136   0x00000002   PAD
    0x0003c138   0x00000034   Code   RO          772    .emb_text           bootloader_util.o
    0x0003c16c   0x00000094   Code   RO            4    .text               dfu_ble_svc.o
    0x0003c200   0x000001b0   Code   RO          103    .text               main.o
    0x0003c3b0   0x00000098   Code   RO          245    .text               system_nrf51.o
    0x0003c448   0x00000038   Code   RO          277    .text               arm_startup_nrf51.o
    0x0003c480   0x00000630   Code   RO          283    .text               ble_advdata.o
    0x0003cab0   0x000001b4   Code   RO          322    .text               ble_conn_params.o
    0x0003cc64   0x000004d4   Code   RO          366    .text               ble_dfu.o
    0x0003d138   0x0000001c   Code   RO          452    .text               nrf_delay.o
    0x0003d154   0x00000218   Code   RO          524    .text               pstorage_raw.o
    0x0003d36c   0x00000004   Code   RO          564    .text               app_error.o
    0x0003d370   0x0000017c   Code   RO          603    .text               app_scheduler.o
    0x0003d4ec   0x00000630   Code   RO          638    .text               app_timer.o
    0x0003db1c   0x0000002c   Code   RO          687    .text               app_timer_appsh.o
    0x0003db48   0x00000340   Code   RO          708    .text               bootloader.o
    0x0003de88   0x0000000c   Code   RO          750    .text               bootloader_settings.o
    0x0003de94   0x00000008   Code   RO          773    .text               bootloader_util.o
    0x0003de9c   0x0000003c   Code   RO          788    .text               crc16.o
    0x0003ded8   0x00000660   Code   RO          802    .text               dfu_dual_bank.o
    0x0003e538   0x000000a4   Code   RO          839    .text               dfu_init_template.o
    0x0003e5dc   0x000007cc   Code   RO          863    .text               dfu_transport_ble.o
    0x0003eda8   0x0000014c   Code   RO          922    .text               hci_mem_pool.o
    0x0003eef4   0x00000124   Code   RO          960    .text               softdevice_handler.o
    0x0003f018   0x00000024   Code   RO         1008    .text               softdevice_handler_appsh.o
    0x0003f03c   0x0000002c   Code   RO         1029    .text               mc_p.l(uidiv.o)
    0x0003f068   0x00000024   Code   RO         1031    .text               mc_p.l(memcpya.o)
    0x0003f08c   0x00000024   Code   RO         1033    .text               mc_p.l(memseta.o)
    0x0003f0b0   0x0000001a   Code   RO         1037    .text               mc_p.l(memcmp.o)
    0x0003f0ca   0x00000014   Code   RO         1041    .text               mc_p.l(uread4.o)
    0x0003f0de   0x00000002   PAD
    0x0003f0e0   0x00000024   Code   RO         1057    .text               mc_p.l(init.o)
    0x0003f104   0x0000001a   Code   RO          384    i.__ARM_common_switch8  ble_dfu.o
    0x0003f11e   0x0000000e   Code   RO         1061    i.__scatterload_copy  mc_p.l(handlers.o)
    0x0003f12c   0x00000002   Code   RO         1062    i.__scatterload_null  mc_p.l(handlers.o)
    0x0003f12e   0x0000000e   Code   RO         1063    i.__scatterload_zeroinit  mc_p.l(handlers.o)
    0x0003f13c   0x00000010   Data   RO          105    .constdata          main.o
    0x0003f14c   0x00000004   Data   RO          326    .constdata          ble_conn_params.o
    0x0003f150   0x00000010   Data   RO          367    .constdata          ble_dfu.o
    0x0003f160   0x0000001c   Data   RO          710    .constdata          bootloader.o
    0x0003f17c   0x00000020   Data   RO          806    .constdata          dfu_dual_bank.o
    0x0003f19c   0x00000020   Data   RO          866    .constdata          dfu_transport_ble.o
    0x0003f1bc   0x00000020   Data   RO         1059    Region$$Table       anon$$obj.o


    Execution Region RW_IRAM1 (Base: 0x20002000, Size: 0x00001a80, Max: 0x00001f80, ABSOLUTE)

    Base Addr    Size         Type   Attr      Idx    E Section Name        Object

    0x20002000   0x00000004   Data   RW          246    .data               system_nrf51.o
    0x20002004   0x00000014   Data   RW          327    .data               ble_conn_params.o
    0x20002018   0x00000008   Data   RW          368    .data               ble_dfu.o
    0x20002020   0x00000008   Data   RW          527    .data               pstorage_raw.o
    0x20002028   0x00000010   Data   RW          604    .data               app_scheduler.o
    0x20002038   0x00000020   Data   RW          642    .data               app_timer.o
    0x20002058   0x00000010   Data   RW          711    .data               bootloader.o
    0x20002068   0x00000028   Data   RW          807    .data               dfu_dual_bank.o
    0x20002090   0x00000001   Data   RW          841    .data               dfu_init_template.o
    0x20002091   0x00000003   PAD
    0x20002094   0x00000021   Data   RW          867    .data               dfu_transport_ble.o
    0x200020b5   0x00000001   Data   RW          927    .data               hci_mem_pool.o
    0x200020b6   0x00000002   PAD
    0x200020b8   0x00000014   Data   RW          964    .data               softdevice_handler.o
    0x200020cc   0x00000360   Zero   RW          104    .bss                main.o
    0x2000242c   0x00000020   Zero   RW          324    .bss                ble_conn_params.o
    0x2000244c   0x0000001c   Zero   RW          325    .bss                ble_conn_params.o
    0x20002468   0x000000cc   Zero   RW          526    .bss                pstorage_raw.o
    0x20002534   0x0000001c   Zero   RW          709    .bss                bootloader.o
    0x20002550   0x00000020   Zero   RW          804    .bss                dfu_dual_bank.o
    0x20002570   0x0000009c   Zero   RW          805    .bss                dfu_dual_bank.o
    0x2000260c   0x0000000a   Zero   RW          840    .bss                dfu_init_template.o
    0x20002616   0x00000002   PAD
    0x20002618   0x00000084   Zero   RW          865    .bss                dfu_transport_ble.o
    0x2000269c   0x00000be4   Zero   RW          926    .bss                hci_mem_pool.o
    0x20003280   0x00000800   Zero   RW          274    STACK               arm_startup_nrf51.o


    Execution Region RW_IRAM2 (Base: 0x20003f80, Size: 0x00000040, Max: 0x00000080, ABSOLUTE, UNINIT)

    Base Addr    Size         Type   Attr      Idx    E Section Name        Object

    0x20003f80   0x0000003e   Zero   RW            5    NoInit              dfu_ble_svc.o



  Load Region LR$$.ARM.__AT_0x0003FC00 (Base: 0x0003fc00, Size: 0x00000000, Max: 0x00000400, ABSOLUTE)

    Execution Region ER$$.ARM.__AT_0x0003FC00 (Base: 0x0003fc00, Size: 0x00000400, Max: 0x00000400, ABSOLUTE, UNINIT)

    Base Addr    Size         Type   Attr      Idx    E Section Name        Object

    0x0003fc00   0x00000400   Zero   RW          751    .ARM.__AT_0x0003FC00  bootloader_settings.o



  Load Region LR$$.ARM.__AT_0x10001014 (Base: 0x10001014, Size: 0x00000004, Max: 0x00000004, ABSOLUTE)

    Execution Region ER$$.ARM.__AT_0x10001014 (Base: 0x10001014, Size: 0x00000004, Max: 0x00000004, ABSOLUTE, UNINIT)

    Base Addr    Size         Type   Attr      Idx    E Section Name        Object

    0x10001014   0x00000004   Data   RW          752    .ARM.__AT_0x10001014  bootloader_settings.o


==============================================================================

Image component sizes


      Code (inc. data)   RO Data    RW Data    ZI Data      Debug   Object Name

         4          0          0          0          0       2021   app_error.o
       380         16          0         16          0      12035   app_scheduler.o
      1614         68          0         32          0      19285   app_timer.o
        44          4          0          0          0       1341   app_timer_appsh.o
        56         18        192          0       2048        652   arm_startup_nrf51.o
      1584          6          0          0          0      21070   ble_advdata.o
       436         20          4         20         60      10911   ble_conn_params.o
      1262         32         16          8          0      11455   ble_dfu.o
       832         30         28         16         28      13376   bootloader.o
        12          6          0          4       1024       1409   bootloader_settings.o
        60          2          0          0          0       1036   bootloader_util.o
        60          6          0          0          0       1124   crc16.o
       184         16          0          0         62      39898   dfu_ble_svc.o
      1632         68         32         40        188      12076   dfu_dual_bank.o
       164         16          0          1         10       2097   dfu_init_template.o
      1996         94         32         33        132      26629   dfu_transport_ble.o
       332         12          0          1       3044       3842   hci_mem_pool.o
       432         42         16          0        864      35519   main.o
        58          4          0          0          0       1419   nrf_delay.o
       536          8          0          8        204       9479   pstorage_raw.o
       292         14          0         20          0       4889   softdevice_handler.o
        36          4          0          0          0       1325   softdevice_handler_appsh.o
       152         22          0          4          0       1543   system_nrf51.o

    ----------------------------------------------------------------------
     12162        508        352        208       7668     234431   Object Totals
         0          0         32          0          0          0   (incl. Generated)
         4          0          0          5          4          0   (incl. Padding)

    ----------------------------------------------------------------------

      Code (inc. data)   RO Data    RW Data    ZI Data      Debug   Library Member Name

         0          0          0          0          0          0   entry.o
         0          0          0          0          0          0   entry10a.o
         0          0          0          0          0          0   entry11a.o
         8          4          0          0          0          0   entry2.o
         4          0          0          0          0          0   entry5.o
         0          0          0          0          0          0   entry7b.o
         0          0          0          0          0          0   entry8b.o
         8          4          0          0          0          0   entry9a.o
        30          0          0          0          0          0   handlers.o
        36          8          0          0          0         68   init.o
        26          0          0          0          0         72   memcmp.o
        36          0          0          0          0         60   memcpya.o
        36          0          0          0          0        100   memseta.o
        44          0          0          0          0         72   uidiv.o
        20          0          0          0          0         60   uread4.o

    ----------------------------------------------------------------------
       250         16          0          0          0        432   Library Totals
         2          0          0          0          0          0   (incl. Padding)

    ----------------------------------------------------------------------

      Code (inc. data)   RO Data    RW Data    ZI Data      Debug   Library Name

       248         16          0          0          0        432   mc_p.l

    ----------------------------------------------------------------------
       250         16          0          0          0        432   Library Totals

    ----------------------------------------------------------------------

==============================================================================


      Code (inc. data)   RO Data    RW Data    ZI Data      Debug   

     12412        524        352        208       7668     233487   Grand Totals
     12412        524        352        208       7668     233487   ELF Image Totals
     12412        524        352        208          0          0   ROM Totals

==============================================================================

    Total RO  Size (Code + RO Data)                12764 (  12.46kB)
    Total RW  Size (RW Data + ZI Data)              7876 (   7.69kB)
    Total ROM Size (Code + RO Data + RW Data)      12972 (  12.67kB)

==============================================================================

